../Core/Src/main.c:69:6:HAL_TIM_PWM_PulseFinishedCallback	16	static
../Core/Src/main.c:75:6:Set_LED	24	static
../Core/Src/main.c:85:6:Set_Brightness	16	static
../Core/Src/main.c:107:6:WS2812_Send	32	static
../Core/Src/main.c:146:6:Reset_LED	16	static
../Core/Src/main.c:159:9:rainbow_effect_left	40	static
../Core/Src/main.c:202:5:main	8	static
../Core/Src/main.c:263:6:SystemClock_Config	72	static
../Core/Src/main.c:303:13:MX_TIM1_Init	96	static
../Core/Src/main.c:376:13:MX_DMA_Init	16	static
../Core/Src/main.c:394:13:MX_GPIO_Init	16	static
../Core/Src/main.c:411:6:Error_Handler	4	static,ignoring_inline_asm
